C:/Users/Villou/Documents/git_repo/jvillemejane/STM32_GFX_Disco/STM32_GFX/STM32_GFX/Core/Src/stm32f4xx_hal_msp.c:65:6:HAL_MspInit	8	static
C:/Users/Villou/Documents/git_repo/jvillemejane/STM32_GFX_Disco/STM32_GFX/STM32_GFX/Core/Src/stm32f4xx_hal_msp.c:87:6:HAL_CRC_MspInit	8	static
C:/Users/Villou/Documents/git_repo/jvillemejane/STM32_GFX_Disco/STM32_GFX/STM32_GFX/Core/Src/stm32f4xx_hal_msp.c:109:6:HAL_CRC_MspDeInit	0	static
C:/Users/Villou/Documents/git_repo/jvillemejane/STM32_GFX_Disco/STM32_GFX/STM32_GFX/Core/Src/stm32f4xx_hal_msp.c:131:6:HAL_DMA2D_MspInit	16	static
C:/Users/Villou/Documents/git_repo/jvillemejane/STM32_GFX_Disco/STM32_GFX/STM32_GFX/Core/Src/stm32f4xx_hal_msp.c:156:6:HAL_DMA2D_MspDeInit	0	static
C:/Users/Villou/Documents/git_repo/jvillemejane/STM32_GFX_Disco/STM32_GFX/STM32_GFX/Core/Src/stm32f4xx_hal_msp.c:181:6:HAL_DSI_MspInit	40	static
C:/Users/Villou/Documents/git_repo/jvillemejane/STM32_GFX_Disco/STM32_GFX/STM32_GFX/Core/Src/stm32f4xx_hal_msp.c:219:6:HAL_DSI_MspDeInit	8	static
C:/Users/Villou/Documents/git_repo/jvillemejane/STM32_GFX_Disco/STM32_GFX/STM32_GFX/Core/Src/stm32f4xx_hal_msp.c:249:6:HAL_I2C_MspInit	48	static
C:/Users/Villou/Documents/git_repo/jvillemejane/STM32_GFX_Disco/STM32_GFX/STM32_GFX/Core/Src/stm32f4xx_hal_msp.c:292:6:HAL_I2C_MspDeInit	8	static
C:/Users/Villou/Documents/git_repo/jvillemejane/STM32_GFX_Disco/STM32_GFX/STM32_GFX/Core/Src/stm32f4xx_hal_msp.c:323:6:HAL_LTDC_MspInit	72	static
C:/Users/Villou/Documents/git_repo/jvillemejane/STM32_GFX_Disco/STM32_GFX/STM32_GFX/Core/Src/stm32f4xx_hal_msp.c:361:6:HAL_LTDC_MspDeInit	0	static
C:/Users/Villou/Documents/git_repo/jvillemejane/STM32_GFX_Disco/STM32_GFX/STM32_GFX/Core/Src/stm32f4xx_hal_msp.c:386:6:HAL_QSPI_MspInit	56	static
C:/Users/Villou/Documents/git_repo/jvillemejane/STM32_GFX_Disco/STM32_GFX/STM32_GFX/Core/Src/stm32f4xx_hal_msp.c:441:6:HAL_QSPI_MspDeInit	8	static
C:/Users/Villou/Documents/git_repo/jvillemejane/STM32_GFX_Disco/STM32_GFX/STM32_GFX/Core/Src/stm32f4xx_hal_msp.c:477:6:HAL_TIM_Base_MspInit	16	static
C:/Users/Villou/Documents/git_repo/jvillemejane/STM32_GFX_Disco/STM32_GFX/STM32_GFX/Core/Src/stm32f4xx_hal_msp.c:502:6:HAL_TIM_Base_MspDeInit	0	static
C:/Users/Villou/Documents/git_repo/jvillemejane/STM32_GFX_Disco/STM32_GFX/STM32_GFX/Core/Src/stm32f4xx_hal_msp.c:657:6:HAL_SDRAM_MspInit	48	static
C:/Users/Villou/Documents/git_repo/jvillemejane/STM32_GFX_Disco/STM32_GFX/STM32_GFX/Core/Src/stm32f4xx_hal_msp.c:766:6:HAL_SDRAM_MspDeInit	8	static
